// Jest Snapshot v1, https://goo.gl/fbAQLP

exports[`renders correctly Board 1`] = `
<div>
  <Column
    button={[MockFunction]}
    items={Array []}
    name="Nowee"
  />
  <Column
    button={[MockFunction]}
    items={Array []}
    name="Zrobione"
  />
  <Connect(TaskFormComponent) />
</div>
`;

exports[`renders correctly TaskForm 1`] = `
<div>
  <input
    onChange={[Function]}
    type="text"
    value=""
  />
  <button
    id="add"
    onClick={[Function]}
  >
    Submit
  </button>
</div>
`;
